PhoneCDC { Before="TEST MESSAGE", After="EGASSEM TSET", Trace=[Phone { Name="Hub", Subscribers=["Right", "Left"] }, Phone { Name="Right", Subscribers=[] }] }
PhoneCDC { Before="TEST MESSAGE", After="test message", Trace=[Phone { Name="Hub", Subscribers=["Right", "Left"] }, Phone { Name="Left", Subscribers=[] }] }
PhoneCDC { Before="Test Message", After="TEST MESSAGE", Trace=[Phone { Name="Hub", Subscribers=["Right", "Left"] }] }
